[game.blockair.io/index.html]
[game.blockair.io/favicon.png]
[cdnjs.cloudflare.com/ajax/libs/font-awesome/6.6.0/css/all.min.css]
[game.blockair.io/_app/immutable/assets/tooltip.CCyBQcrX.css]
[game.blockair.io/_app/immutable/assets/ButtonWallet.D_vaqw8m.css]
[game.blockair.io/_app/immutable/assets/Navbar.CpbN9Dqe.css]
[game.blockair.io/_app/immutable/assets/SvelteToast.A5VgGu6i.css]
[game.blockair.io/_app/immutable/assets/0.RD-aQmor.css]
[backblue.gif]
[fade.gif]
[index.html]
[game.blockair.io/_app/immutable/assets/2.DDZLMxVp.css]
[tools.luckyorange.com/core/lo8aed.js]
[cdn.jsdelivr.net/npm/@justinribeiro/lite-youtube@1/lite-youtube.min.js]
[game.blockair.io/blockair_logo.svg]
[game.blockair.io/passport.html]
[game.blockair.io/status.html]
[game.blockair.io/flights.html]
[game.blockair.io/radar.html]
[game.blockair.io/nfts/player-nfts.html]
[game.blockair.io/nfts/collections.html]
[game.blockair.io/jackpot.html]
[game.blockair.io/shop.html]
[game.blockair.io/post.html]
[game.blockair.io/img/logos/usdt_logo.png]
[game.blockair.io/img/logos/miles-logo.png]
[game.blockair.io/img/game_statistics/USDT_logo.svg]
[game.blockair.io/img/game_statistics/plane_icon.svg]
[game.blockair.io/img/poster_video_clouds.webp]
[game.blockair.io/_app/immutable/entry/start.COSpVm5W.js]
[game.blockair.io/index.html]
[cdnjs.cloudflare.com/ajax/libs/font-awesome/6.6.0/css/all.min.css]
[game.blockair.io/_app/immutable/assets/tooltip.CCyBQcrX.css]
[game.blockair.io/_app/immutable/assets/ButtonWallet.D_vaqw8m.css]
[game.blockair.io/_app/immutable/assets/Navbar.CpbN9Dqe.css]
[game.blockair.io/_app/immutable/assets/SvelteToast.A5VgGu6i.css]
[game.blockair.io/_app/immutable/entry/app.BNDmo8_s.js]
[game.blockair.io/fonts/blockAir.woff2]
[game.blockair.io/fonts/ChakraPetch-Light.woff2]
[game.blockair.io/fonts/ChakraPetch-ExtraLight.woff2]
[game.blockair.io/fonts/ChakraPetch-Bold.woff2]
[game.blockair.io/_app/immutable/assets/0.RD-aQmor.css]
[game.blockair.io/_app/immutable/assets/2.DDZLMxVp.css]
[www.googletagmanager.com/gtm5445.html]
[game.blockair.io/blockair_logo.svg]
[game.blockair.io/_app/immutable/assets/InfoModal.BYrjpcNl.css]
[game.blockair.io/_app/immutable/assets/10.Dov3dzfr.css]
[game.blockair.io/img/gifs/plane_loading.gif]
[game.blockair.io/img/background.webp]
[game.blockair.io/passport.html]
[game.blockair.io/_app/immutable/assets/15.j5Ya_BP8.css]
[game.blockair.io/img/clouds.png]
[game.blockair.io/videos/world_map_flights.webm]
[game.blockair.io/status.html]
[game.blockair.io/_app/immutable/assets/FlightsAirportTYpe.DpXx3q8b.css]
[game.blockair.io/flights.html]
[game.blockair.io/_app/immutable/assets/4.atebJCia.css]
[game.blockair.io/_app/immutable/assets/13.ClcDs2Aq.css]
[game.blockair.io/videos/cabecera2.mp4]
[game.blockair.io/radar.html]
[game.blockair.io/_app/immutable/assets/PostCard.D-qC7ctS.css]
[game.blockair.io/nfts/player-nfts.html]
[game.blockair.io/_app/immutable/assets/9.BlA9B8m8.css]
[game.blockair.io/nfts/collections.html]
[game.blockair.io/_app/immutable/assets/8.CbZrJGX7.css]
[game.blockair.io/jackpot.html]
[game.blockair.io/_app/immutable/assets/5.DZr1_iq6.css]
[game.blockair.io/shop.html]
[game.blockair.io/_app/immutable/assets/14.g7gFLiUT.css]
[game.blockair.io/post.html]
[game.blockair.io/img/game_statistics/USDT_logo.svg]
[game.blockair.io/img/game_statistics/plane_icon.svg]
[game.blockair.io/_app/immutable/assets/InfoModal.BYrjpcNl.css]
[game.blockair.io/_app/immutable/assets/10.Dov3dzfr.css]
[game.blockair.io/_app/immutable/assets/CountDownComponent.CkqPKftN.css]
[game.blockair.io/_app/immutable/assets/15.j5Ya_BP8.css]
[game.blockair.io/_app/immutable/assets/FlightsAirportTYpe.DpXx3q8b.css]
[game.blockair.io/_app/immutable/assets/12.ZKZyx_5T.css]
[game.blockair.io/img/ticket/world-map-blue.png]
[game.blockair.io/_app/immutable/assets/4.atebJCia.css]
[game.blockair.io/_app/immutable/assets/13.ClcDs2Aq.css]
[game.blockair.io/_app/immutable/assets/PostCard.D-qC7ctS.css]
[game.blockair.io/_app/immutable/assets/9.BlA9B8m8.css]
[game.blockair.io/_app/immutable/assets/8.CbZrJGX7.css]
[game.blockair.io/_app/immutable/assets/5.DZr1_iq6.css]
[game.blockair.io/_app/immutable/assets/14.g7gFLiUT.css]
[game.blockair.io/_app/immutable/assets/12.ZKZyx_5T.css]
